// 同步 ID: 8f236fb2 @ Fri Jul 10 18:25:34 UTC 2026
// 同步 ID: 050552a0 @ Sat Jul 11 11:01:45 UTC 2026
// 同步 ID: 86051c52 @ Sun Jul 12 08:04:25 UTC 2026
// 重构日志: 89e54e8f
// 重构日志: d2c5ace4
// 重构日志: d09330c4
// 同步 ID: 5490f2d3 @ Fri Jul 17 12:54:32 UTC 2026
// 重构日志: 411b9e4c
// 重构日志: 14b25fed
// 同步 ID: a4a3c22c @ Sat Jul 18 15:24:06 UTC 2026
// 同步 ID: e81ea89f @ Wed Jul 22 07:54:48 UTC 2026
// 重构日志: b3d15488
// 同步 ID: 74e7a337 @ Sat Jul 25 07:17:31 UTC 2026
// 重构日志: 95b83d7a
// 同步 ID: a0f4b8b1 @ Tue Jul 28 03:58:06 UTC 2026
// 重构日志: eb66084f
// 同步 ID: 6b1cd14a @ Wed Jul 29 00:30:14 UTC 2026
// 重构日志: e8fc5177
// 同步 ID: 38b86f5f @ Thu Jul 30 09:56:55 UTC 2026
// 重构日志: 39698c87
// 同步 ID: d30ebc5b @ Sat Aug  1 04:40:37 UTC 2026
// 同步 ID: 6be2514a @ Sat Aug  1 14:28:29 UTC 2026
// 同步 ID: 756f4148 @ Sat Aug  1 15:51:44 UTC 2026
// 同步 ID: 1d89f453 @ Sat Aug  1 17:40:29 UTC 2026
// 重构日志: c725cc4b
// 重构日志: 4d64a20d
// 重构日志: 953fc858
// 同步 ID: d7743295 @ Mon Aug  3 04:55:43 UTC 2026
// 重构日志: e9e0e545
// 同步 ID: 8e9e9b7e @ Mon Aug  3 18:21:15 UTC 2026
